// Jest Snapshot v1, https://goo.gl/fbAQLP

exports[`<ProgressBar /> snapshot 1`] = `
<View
  style={
    Object {
      "backgroundColor": "#f2f2f2",
      "borderRadius": 40,
      "height": 10,
      "width": 375,
    }
  }
>
  <View
    style={
      Object {
        "backgroundColor": "#27d2db",
        "borderRadius": 40,
        "height": "100%",
        "width": "10%",
      }
    }
  />
</View>
`;
